[ENV] Python 3.9.25 | PyTorch 2.3.0+cu121 | device=cuda
[GPU] NVIDIA GeForce RTX 4090
[DATA] train pool: 50000 images; JPEG bytes 827..1788
[DATA] train pool: 1000 images; JPEG bytes 886..1698
[MODEL] Full pretrained Tiny; 15,729,610 trainable parameters; new 10-class head
/home/Li_fangcheng/.conda/envs/byteformer/lib/python3.9/site-packages/torch/nn/modules/conv.py:306: UserWarning: Plan failed with a cudnnException: CUDNN_BACKEND_EXECUTION_PLAN_DESCRIPTOR: cudnnFinalize Descriptor Failed cudnn_status: CUDNN_STATUS_NOT_SUPPORTED (Triggered internally at ../aten/src/ATen/native/cudnn/Conv_v8.cpp:919.)
  return F.conv1d(input, weight, bias, self.stride,
[BEFORE] validation accuracy=8.60% (new untrained 10-class head)
/home/Li_fangcheng/.conda/envs/byteformer/lib/python3.9/site-packages/torch/autograd/graph.py:744: UserWarning: Plan failed with a cudnnException: CUDNN_BACKEND_EXECUTION_PLAN_DESCRIPTOR: cudnnFinalize Descriptor Failed cudnn_status: CUDNN_STATUS_NOT_SUPPORTED (Triggered internally at ../aten/src/ATen/native/cudnn/Conv_v8.cpp:919.)
  return Variable._execution_engine.run_backward(  # Calls into the C++ engine to run the backward pass
[TRAIN] epoch 1/8 step 1/1563 loss=2.8684
[TRAIN] epoch 1/8 step 50/1563 loss=1.1004
[TRAIN] epoch 1/8 step 100/1563 loss=0.8160
[TRAIN] epoch 1/8 step 150/1563 loss=0.5169
[TRAIN] epoch 1/8 step 200/1563 loss=0.4364
[TRAIN] epoch 1/8 step 250/1563 loss=0.3244
[TRAIN] epoch 1/8 step 300/1563 loss=0.3060
[TRAIN] epoch 1/8 step 350/1563 loss=0.5251
[TRAIN] epoch 1/8 step 400/1563 loss=0.4167
[TRAIN] epoch 1/8 step 450/1563 loss=0.4733
[TRAIN] epoch 1/8 step 500/1563 loss=0.4395
[TRAIN] epoch 1/8 step 550/1563 loss=0.6091
[TRAIN] epoch 1/8 step 600/1563 loss=0.3258
[TRAIN] epoch 1/8 step 650/1563 loss=0.3075
[TRAIN] epoch 1/8 step 700/1563 loss=0.4624
[TRAIN] epoch 1/8 step 750/1563 loss=0.0424
[TRAIN] epoch 1/8 step 800/1563 loss=0.2417
[TRAIN] epoch 1/8 step 850/1563 loss=0.1825
[TRAIN] epoch 1/8 step 900/1563 loss=0.4900
[TRAIN] epoch 1/8 step 950/1563 loss=0.2619
[TRAIN] epoch 1/8 step 1000/1563 loss=0.0694
[TRAIN] epoch 1/8 step 1050/1563 loss=0.1469
[TRAIN] epoch 1/8 step 1100/1563 loss=0.2153
[TRAIN] epoch 1/8 step 1150/1563 loss=0.2973
[TRAIN] epoch 1/8 step 1200/1563 loss=0.2497
[TRAIN] epoch 1/8 step 1250/1563 loss=0.1412
[TRAIN] epoch 1/8 step 1300/1563 loss=0.8181
[TRAIN] epoch 1/8 step 1350/1563 loss=0.3452
[TRAIN] epoch 1/8 step 1400/1563 loss=0.2471
[TRAIN] epoch 1/8 step 1450/1563 loss=0.1796
[TRAIN] epoch 1/8 step 1500/1563 loss=0.1855
[TRAIN] epoch 1/8 step 1550/1563 loss=0.5084
[EPOCH 1] train_acc=87.03% val_acc=93.20% lr=0.0001 time=81.8s
[TRAIN] epoch 2/8 step 1/1563 loss=0.0303
[TRAIN] epoch 2/8 step 50/1563 loss=0.1136
[TRAIN] epoch 2/8 step 100/1563 loss=0.0489
[TRAIN] epoch 2/8 step 150/1563 loss=0.0868
[TRAIN] epoch 2/8 step 200/1563 loss=0.2801
[TRAIN] epoch 2/8 step 250/1563 loss=0.2552
[TRAIN] epoch 2/8 step 300/1563 loss=0.1622
[TRAIN] epoch 2/8 step 350/1563 loss=0.1740
[TRAIN] epoch 2/8 step 400/1563 loss=0.2555
[TRAIN] epoch 2/8 step 450/1563 loss=0.5494
[TRAIN] epoch 2/8 step 500/1563 loss=0.0802
[TRAIN] epoch 2/8 step 550/1563 loss=0.1149
[TRAIN] epoch 2/8 step 600/1563 loss=0.2153
[TRAIN] epoch 2/8 step 650/1563 loss=0.3404
[TRAIN] epoch 2/8 step 700/1563 loss=0.0413
[TRAIN] epoch 2/8 step 750/1563 loss=0.0244
[TRAIN] epoch 2/8 step 800/1563 loss=0.2938
[TRAIN] epoch 2/8 step 850/1563 loss=0.1387
[TRAIN] epoch 2/8 step 900/1563 loss=0.1869
[TRAIN] epoch 2/8 step 950/1563 loss=0.0772
[TRAIN] epoch 2/8 step 1000/1563 loss=0.0030
[TRAIN] epoch 2/8 step 1050/1563 loss=0.2076
[TRAIN] epoch 2/8 step 1100/1563 loss=0.2319
[TRAIN] epoch 2/8 step 1150/1563 loss=0.0753
[TRAIN] epoch 2/8 step 1200/1563 loss=0.0108
[TRAIN] epoch 2/8 step 1250/1563 loss=0.0088
[TRAIN] epoch 2/8 step 1300/1563 loss=0.0738
[TRAIN] epoch 2/8 step 1350/1563 loss=0.0904
[TRAIN] epoch 2/8 step 1400/1563 loss=0.2194
[TRAIN] epoch 2/8 step 1450/1563 loss=0.0072
[TRAIN] epoch 2/8 step 1500/1563 loss=0.2576
[TRAIN] epoch 2/8 step 1550/1563 loss=0.0055
[EPOCH 2] train_acc=94.85% val_acc=93.00% lr=0.0001 time=93.4s
[TRAIN] epoch 3/8 step 1/1563 loss=0.2809
[TRAIN] epoch 3/8 step 50/1563 loss=0.0726
[TRAIN] epoch 3/8 step 100/1563 loss=0.0900
[TRAIN] epoch 3/8 step 150/1563 loss=0.1167
[TRAIN] epoch 3/8 step 200/1563 loss=0.0051
[TRAIN] epoch 3/8 step 250/1563 loss=0.0181
[TRAIN] epoch 3/8 step 300/1563 loss=0.2369
[TRAIN] epoch 3/8 step 350/1563 loss=0.0022
[TRAIN] epoch 3/8 step 400/1563 loss=0.0598
[TRAIN] epoch 3/8 step 450/1563 loss=0.0103
[TRAIN] epoch 3/8 step 500/1563 loss=0.2784
[TRAIN] epoch 3/8 step 550/1563 loss=0.3251
[TRAIN] epoch 3/8 step 600/1563 loss=0.0229
[TRAIN] epoch 3/8 step 650/1563 loss=0.1526
[TRAIN] epoch 3/8 step 700/1563 loss=0.0873
[TRAIN] epoch 3/8 step 750/1563 loss=0.0192
[TRAIN] epoch 3/8 step 800/1563 loss=0.2191
[TRAIN] epoch 3/8 step 850/1563 loss=0.1162
[TRAIN] epoch 3/8 step 900/1563 loss=0.2465
[TRAIN] epoch 3/8 step 950/1563 loss=0.3805
[TRAIN] epoch 3/8 step 1000/1563 loss=0.0312
[TRAIN] epoch 3/8 step 1050/1563 loss=0.0410
[TRAIN] epoch 3/8 step 1100/1563 loss=0.0235
[TRAIN] epoch 3/8 step 1150/1563 loss=0.3078
[TRAIN] epoch 3/8 step 1200/1563 loss=0.1240
[TRAIN] epoch 3/8 step 1250/1563 loss=0.0046
[TRAIN] epoch 3/8 step 1300/1563 loss=0.1107
[TRAIN] epoch 3/8 step 1350/1563 loss=0.3500
[TRAIN] epoch 3/8 step 1400/1563 loss=0.1528
[TRAIN] epoch 3/8 step 1450/1563 loss=0.1656
[TRAIN] epoch 3/8 step 1500/1563 loss=0.0919
[TRAIN] epoch 3/8 step 1550/1563 loss=0.0064
[EPOCH 3] train_acc=96.33% val_acc=93.50% lr=0.0001 time=89.5s
[TRAIN] epoch 4/8 step 1/1563 loss=0.2763
[TRAIN] epoch 4/8 step 50/1563 loss=0.0108
[TRAIN] epoch 4/8 step 100/1563 loss=0.0752
[TRAIN] epoch 4/8 step 150/1563 loss=0.1347
[TRAIN] epoch 4/8 step 200/1563 loss=0.1929
[TRAIN] epoch 4/8 step 250/1563 loss=0.0840
[TRAIN] epoch 4/8 step 300/1563 loss=0.0009
[TRAIN] epoch 4/8 step 350/1563 loss=0.0352
[TRAIN] epoch 4/8 step 400/1563 loss=0.0591
[TRAIN] epoch 4/8 step 450/1563 loss=0.0120
[TRAIN] epoch 4/8 step 500/1563 loss=0.0007
[TRAIN] epoch 4/8 step 550/1563 loss=0.0710
[TRAIN] epoch 4/8 step 600/1563 loss=0.1713
[TRAIN] epoch 4/8 step 650/1563 loss=0.0833
[TRAIN] epoch 4/8 step 700/1563 loss=0.1333
[TRAIN] epoch 4/8 step 750/1563 loss=0.0008
[TRAIN] epoch 4/8 step 800/1563 loss=0.0048
[TRAIN] epoch 4/8 step 850/1563 loss=0.4139
[TRAIN] epoch 4/8 step 900/1563 loss=0.2338
[TRAIN] epoch 4/8 step 950/1563 loss=0.2183
[TRAIN] epoch 4/8 step 1000/1563 loss=0.2135
[TRAIN] epoch 4/8 step 1050/1563 loss=0.0180
[TRAIN] epoch 4/8 step 1100/1563 loss=0.2413
[TRAIN] epoch 4/8 step 1150/1563 loss=0.1237
[TRAIN] epoch 4/8 step 1200/1563 loss=0.0869
[TRAIN] epoch 4/8 step 1250/1563 loss=0.0037
[TRAIN] epoch 4/8 step 1300/1563 loss=0.2035
[TRAIN] epoch 4/8 step 1350/1563 loss=0.0181
[TRAIN] epoch 4/8 step 1400/1563 loss=0.0048
[TRAIN] epoch 4/8 step 1450/1563 loss=0.1732
[TRAIN] epoch 4/8 step 1500/1563 loss=0.1122
[TRAIN] epoch 4/8 step 1550/1563 loss=0.0031
[EPOCH 4] train_acc=97.20% val_acc=95.20% lr=0.0001 time=82.0s
[TRAIN] epoch 5/8 step 1/1563 loss=0.0055
[TRAIN] epoch 5/8 step 50/1563 loss=0.0004
[TRAIN] epoch 5/8 step 100/1563 loss=0.0030
[TRAIN] epoch 5/8 step 150/1563 loss=0.0060
[TRAIN] epoch 5/8 step 200/1563 loss=0.0808
[TRAIN] epoch 5/8 step 250/1563 loss=0.0106
[TRAIN] epoch 5/8 step 300/1563 loss=0.0081
[TRAIN] epoch 5/8 step 350/1563 loss=0.4181
[TRAIN] epoch 5/8 step 400/1563 loss=0.0196
[TRAIN] epoch 5/8 step 450/1563 loss=0.0001
[TRAIN] epoch 5/8 step 500/1563 loss=0.0914
[TRAIN] epoch 5/8 step 550/1563 loss=0.0025
[TRAIN] epoch 5/8 step 600/1563 loss=0.0115
[TRAIN] epoch 5/8 step 650/1563 loss=0.0001
[TRAIN] epoch 5/8 step 700/1563 loss=0.0232
[TRAIN] epoch 5/8 step 750/1563 loss=0.1183
[TRAIN] epoch 5/8 step 800/1563 loss=0.0539
[TRAIN] epoch 5/8 step 850/1563 loss=0.0001
[TRAIN] epoch 5/8 step 900/1563 loss=0.2970
[TRAIN] epoch 5/8 step 950/1563 loss=0.0003
[TRAIN] epoch 5/8 step 1000/1563 loss=0.0003
[TRAIN] epoch 5/8 step 1050/1563 loss=0.0131
[TRAIN] epoch 5/8 step 1100/1563 loss=0.0003
[TRAIN] epoch 5/8 step 1150/1563 loss=0.0001
[TRAIN] epoch 5/8 step 1200/1563 loss=0.0071
[TRAIN] epoch 5/8 step 1250/1563 loss=0.0004
[TRAIN] epoch 5/8 step 1300/1563 loss=0.0284
[TRAIN] epoch 5/8 step 1350/1563 loss=0.0001
[TRAIN] epoch 5/8 step 1400/1563 loss=0.0270
[TRAIN] epoch 5/8 step 1450/1563 loss=0.0003
[TRAIN] epoch 5/8 step 1500/1563 loss=0.0012
[TRAIN] epoch 5/8 step 1550/1563 loss=0.0005
[EPOCH 5] train_acc=99.25% val_acc=97.30% lr=2e-05 time=84.5s
[TRAIN] epoch 6/8 step 1/1563 loss=0.0001
[TRAIN] epoch 6/8 step 50/1563 loss=0.0000
[TRAIN] epoch 6/8 step 100/1563 loss=0.0000
[TRAIN] epoch 6/8 step 150/1563 loss=0.0007
[TRAIN] epoch 6/8 step 200/1563 loss=0.0000
[TRAIN] epoch 6/8 step 250/1563 loss=0.0001
[TRAIN] epoch 6/8 step 300/1563 loss=0.0001
[TRAIN] epoch 6/8 step 350/1563 loss=0.0106
[TRAIN] epoch 6/8 step 400/1563 loss=0.0000
[TRAIN] epoch 6/8 step 450/1563 loss=0.0007
[TRAIN] epoch 6/8 step 500/1563 loss=0.0001
[TRAIN] epoch 6/8 step 550/1563 loss=0.0001
[TRAIN] epoch 6/8 step 600/1563 loss=0.0000
[TRAIN] epoch 6/8 step 650/1563 loss=0.0000
[TRAIN] epoch 6/8 step 700/1563 loss=0.0000
[TRAIN] epoch 6/8 step 750/1563 loss=0.0000
[TRAIN] epoch 6/8 step 800/1563 loss=0.0004
[TRAIN] epoch 6/8 step 850/1563 loss=0.0000
[TRAIN] epoch 6/8 step 900/1563 loss=0.0001
[TRAIN] epoch 6/8 step 950/1563 loss=0.0000
[TRAIN] epoch 6/8 step 1000/1563 loss=0.0001
[TRAIN] epoch 6/8 step 1050/1563 loss=0.0000
[TRAIN] epoch 6/8 step 1100/1563 loss=0.0003
[TRAIN] epoch 6/8 step 1150/1563 loss=0.0000
[TRAIN] epoch 6/8 step 1200/1563 loss=0.0001
[TRAIN] epoch 6/8 step 1250/1563 loss=0.0003
[TRAIN] epoch 6/8 step 1300/1563 loss=0.0000
[TRAIN] epoch 6/8 step 1350/1563 loss=0.0000
[TRAIN] epoch 6/8 step 1400/1563 loss=0.0000
[TRAIN] epoch 6/8 step 1450/1563 loss=0.0000
[TRAIN] epoch 6/8 step 1500/1563 loss=0.0837
[TRAIN] epoch 6/8 step 1550/1563 loss=0.0001
[EPOCH 6] train_acc=99.80% val_acc=96.70% lr=2e-05 time=86.9s
[TRAIN] epoch 7/8 step 1/1563 loss=0.0000
[TRAIN] epoch 7/8 step 50/1563 loss=0.0000
[TRAIN] epoch 7/8 step 100/1563 loss=0.0000
[TRAIN] epoch 7/8 step 150/1563 loss=0.0000
[TRAIN] epoch 7/8 step 200/1563 loss=0.0001
[TRAIN] epoch 7/8 step 250/1563 loss=0.0000
[TRAIN] epoch 7/8 step 300/1563 loss=0.0000
[TRAIN] epoch 7/8 step 350/1563 loss=0.0000
[TRAIN] epoch 7/8 step 400/1563 loss=0.0000
[TRAIN] epoch 7/8 step 450/1563 loss=0.0000
[TRAIN] epoch 7/8 step 500/1563 loss=0.0000
[TRAIN] epoch 7/8 step 550/1563 loss=0.0000
[TRAIN] epoch 7/8 step 600/1563 loss=0.0000
[TRAIN] epoch 7/8 step 650/1563 loss=0.0000
[TRAIN] epoch 7/8 step 700/1563 loss=0.0000
[TRAIN] epoch 7/8 step 750/1563 loss=0.0001
[TRAIN] epoch 7/8 step 800/1563 loss=0.0000
[TRAIN] epoch 7/8 step 850/1563 loss=0.0000
[TRAIN] epoch 7/8 step 900/1563 loss=0.0000
[TRAIN] epoch 7/8 step 950/1563 loss=0.0000
[TRAIN] epoch 7/8 step 1000/1563 loss=0.0000
[TRAIN] epoch 7/8 step 1050/1563 loss=0.0001
[TRAIN] epoch 7/8 step 1100/1563 loss=0.0000
[TRAIN] epoch 7/8 step 1150/1563 loss=0.0000
[TRAIN] epoch 7/8 step 1200/1563 loss=0.0000
[TRAIN] epoch 7/8 step 1250/1563 loss=0.0000
[TRAIN] epoch 7/8 step 1300/1563 loss=0.0000
[TRAIN] epoch 7/8 step 1350/1563 loss=0.0000
[TRAIN] epoch 7/8 step 1400/1563 loss=0.0000
[TRAIN] epoch 7/8 step 1450/1563 loss=0.0000
[TRAIN] epoch 7/8 step 1500/1563 loss=0.0000
[TRAIN] epoch 7/8 step 1550/1563 loss=0.0000
[EPOCH 7] train_acc=99.95% val_acc=97.00% lr=4e-06 time=90.1s
[TRAIN] epoch 8/8 step 1/1563 loss=0.0000
[TRAIN] epoch 8/8 step 50/1563 loss=0.0000
[TRAIN] epoch 8/8 step 100/1563 loss=0.0000
[TRAIN] epoch 8/8 step 150/1563 loss=0.0000
[TRAIN] epoch 8/8 step 200/1563 loss=0.0000
[TRAIN] epoch 8/8 step 250/1563 loss=0.0004
[TRAIN] epoch 8/8 step 300/1563 loss=0.0000
[TRAIN] epoch 8/8 step 350/1563 loss=0.0000
[TRAIN] epoch 8/8 step 400/1563 loss=0.0000
[TRAIN] epoch 8/8 step 450/1563 loss=0.0999
[TRAIN] epoch 8/8 step 500/1563 loss=0.0000
[TRAIN] epoch 8/8 step 550/1563 loss=0.0000
[TRAIN] epoch 8/8 step 600/1563 loss=0.0000
[TRAIN] epoch 8/8 step 650/1563 loss=0.0000
[TRAIN] epoch 8/8 step 700/1563 loss=0.0000
[TRAIN] epoch 8/8 step 750/1563 loss=0.0000
[TRAIN] epoch 8/8 step 800/1563 loss=0.0000
[TRAIN] epoch 8/8 step 850/1563 loss=0.0001
[TRAIN] epoch 8/8 step 900/1563 loss=0.0000
[TRAIN] epoch 8/8 step 950/1563 loss=0.0000
[TRAIN] epoch 8/8 step 1000/1563 loss=0.0000
[TRAIN] epoch 8/8 step 1050/1563 loss=0.0000
[TRAIN] epoch 8/8 step 1100/1563 loss=0.0000
[TRAIN] epoch 8/8 step 1150/1563 loss=0.0000
[TRAIN] epoch 8/8 step 1200/1563 loss=0.0000
[TRAIN] epoch 8/8 step 1250/1563 loss=0.0000
[TRAIN] epoch 8/8 step 1300/1563 loss=0.0001
[TRAIN] epoch 8/8 step 1350/1563 loss=0.0000
[TRAIN] epoch 8/8 step 1400/1563 loss=0.0000
[TRAIN] epoch 8/8 step 1450/1563 loss=0.0000
[TRAIN] epoch 8/8 step 1500/1563 loss=0.0000
[TRAIN] epoch 8/8 step 1550/1563 loss=0.0000
[EPOCH 8] train_acc=99.97% val_acc=97.10% lr=4e-06 time=89.0s
[DATA] official test: 1000 images; JPEG bytes 965..1697
[DONE] best epoch=5; test accuracy=97.00% (970/1000); elapsed=712.9s
[SAVED] /home/Li_fangcheng/teacher_assistant/byteformer_experiment/byteformer-mnist-course/outputs/course_baseline / best.pt, metrics.json, history.csv, curves.png, predictions.png, confusion_matrix.png
